[www.kyriskustoms.com/index.html]
[www.kyriskustoms.com/t.0.delayed]
[www.kyriskustoms.com/o.1.delayed]
[backblue.gif]
[fade.gif]
[index.html]
[www.kyriskustoms.com/_https_/static.wixstatic.com/media/6a3a01_02322f05953a4b178780dc300749bb9bf001.jpg/v1/fill/w_1280,h_720,enc_auto/file.2.delayed]
[www.kyriskustoms.com/white-dreams-collection.html]
[www.kyriskustoms.com/grey-spirit-collection.html]
[www.kyriskustoms.com/men-s-casual-wear.html]
[www.kyriskustoms.com/as-seen-on.html]
[www.kyriskustoms.com/window.location.7.delayed]
[www.kyriskustoms.com/sitemap.xml]
[www.kyriskustoms.com/feed.9.delayed]
[www.kyriskustoms.com/decodeURIComponent(e.a.delayed]
[www.kyriskustoms.com/index.html]
[www.kyriskustoms.com/t.html]
[www.kyriskustoms.com/o.html]
[www.kyriskustoms.com/_https_/static.wixstatic.com/media/6a3a01_02322f05953a4b178780dc300749bb9bf001.jpg/v1/fill/w_1280,h_720,enc_auto/file.html]
[www.kyriskustoms.com/white-dreams-collection.html]
[www.kyriskustoms.com/grey-spirit-collection.html]
[www.kyriskustoms.com/men-s-casual-wear.html]
[www.kyriskustoms.com/as-seen-on.html]
[www.kyriskustoms.com/window.location.html]
[www.kyriskustoms.com/api.b.delayed]
[www.kyriskustoms.com/api/index.html]
[www.kyriskustoms.com/envelope.c.delayed]
[www.kyriskustoms.com/envelope/index.html]
[www.kyriskustoms.com/feed.html]
[www.kyriskustoms.com/decodeURIComponent(e.html]
[www.kyriskustoms.com/api.html]
[www.kyriskustoms.com/envelope.html]
